2025-06-30 11:04:05 | ERROR    | src.trading.executor:update_account_info:131 | 更新账户信息失败: ('Connection aborted.', ConnectionResetError(54, 'Connection reset by peer'))
2025-06-30 11:04:05 | DEBUG    | src.bot.trading_bot:_update_market_data:184 | 市场数据更新完成
2025-06-30 11:04:05 | ERROR    | src.data.market_data:get_current_bars:91 | 获取K线数据失败: ('Connection aborted.', ConnectionResetError(54, 'Connection reset by peer'))
2025-06-30 11:04:05 | WARNING  | src.strategy.signals:update_market_data:70 | 无法获取SPY的市场数据
2025-06-30 11:04:05 | DEBUG    | src.bot.trading_bot:_update_positions_normal:259 | 📊 常规头寸更新完成
2025-06-30 11:04:05 | INFO     | src.utils.notifications:send_message:63 | [GENERAL] 📊 每小时报告
时间: 11:04
当前头寸: 0
当日交易: 0
当日盈亏: $0.00
账户总值: $100,396.42
2025-06-30 11:04:09 | INFO     | src.trading.executor:update_account_info:125 | 账户更新: 总值$100396.42, 买入力$401585.68
2025-06-30 11:04:09 | DEBUG    | src.bot.trading_bot:_update_market_data:184 | 市场数据更新完成
2025-06-30 11:19:28 | ERROR    | src.trading.executor:update_account_info:131 | 更新账户信息失败: ('Connection aborted.', ConnectionResetError(54, 'Connection reset by peer'))
2025-06-30 11:19:28 | DEBUG    | src.bot.trading_bot:_update_market_data:184 | 市场数据更新完成
2025-06-30 11:19:28 | ERROR    | src.data.market_data:get_current_bars:91 | 获取K线数据失败: ('Connection aborted.', ConnectionResetError(54, 'Connection reset by peer'))
2025-06-30 11:19:28 | WARNING  | src.strategy.signals:update_market_data:70 | 无法获取SPY的市场数据
2025-06-30 11:19:28 | DEBUG    | src.bot.trading_bot:_update_positions_normal:259 | 📊 常规头寸更新完成
2025-06-30 11:19:31 | INFO     | src.trading.executor:update_account_info:125 | 账户更新: 总值$100396.42, 买入力$401585.68
2025-06-30 11:19:31 | DEBUG    | src.bot.trading_bot:_update_market_data:184 | 市场数据更新完成
2025-06-30 11:37:12 | ERROR    | src.trading.executor:update_account_info:131 | 更新账户信息失败: ('Connection aborted.', ConnectionResetError(54, 'Connection reset by peer'))
2025-06-30 11:37:12 | DEBUG    | src.bot.trading_bot:_update_market_data:184 | 市场数据更新完成
2025-06-30 11:37:12 | ERROR    | src.data.market_data:get_current_bars:91 | 获取K线数据失败: ('Connection aborted.', ConnectionResetError(54, 'Connection reset by peer'))
2025-06-30 11:37:12 | WARNING  | src.strategy.signals:update_market_data:70 | 无法获取SPY的市场数据
2025-06-30 11:37:12 | DEBUG    | src.bot.trading_bot:_update_positions_normal:259 | 📊 常规头寸更新完成
2025-06-30 11:37:15 | INFO     | src.trading.executor:update_account_info:125 | 账户更新: 总值$100396.42, 买入力$401585.68
2025-06-30 11:37:15 | DEBUG    | src.bot.trading_bot:_update_market_data:184 | 市场数据更新完成
2025-06-30 11:52:38 | ERROR    | src.trading.executor:update_account_info:131 | 更新账户信息失败: ('Connection aborted.', ConnectionResetError(54, 'Connection reset by peer'))
2025-06-30 11:52:38 | DEBUG    | src.bot.trading_bot:_update_market_data:184 | 市场数据更新完成
2025-06-30 11:52:39 | ERROR    | src.data.market_data:get_current_bars:91 | 获取K线数据失败: ('Connection aborted.', ConnectionResetError(54, 'Connection reset by peer'))
2025-06-30 11:52:39 | WARNING  | src.strategy.signals:update_market_data:70 | 无法获取SPY的市场数据
2025-06-30 11:52:39 | DEBUG    | src.bot.trading_bot:_update_positions_normal:259 | 📊 常规头寸更新完成
2025-06-30 11:52:42 | INFO     | src.trading.executor:update_account_info:125 | 账户更新: 总值$100396.42, 买入力$401585.68
2025-06-30 11:52:42 | DEBUG    | src.bot.trading_bot:_update_market_data:184 | 市场数据更新完成
2025-06-30 12:05:04 | ERROR    | src.trading.executor:update_account_info:131 | 更新账户信息失败: ('Connection aborted.', ConnectionResetError(54, 'Connection reset by peer'))
2025-06-30 12:05:04 | DEBUG    | src.bot.trading_bot:_update_market_data:184 | 市场数据更新完成
2025-06-30 12:05:05 | ERROR    | src.data.market_data:get_current_bars:91 | 获取K线数据失败: ('Connection aborted.', ConnectionResetError(54, 'Connection reset by peer'))
2025-06-30 12:05:05 | WARNING  | src.strategy.signals:update_market_data:70 | 无法获取SPY的市场数据
2025-06-30 12:05:05 | DEBUG    | src.bot.trading_bot:_update_positions_normal:259 | 📊 常规头寸更新完成
2025-06-30 12:05:05 | INFO     | src.utils.notifications:send_message:63 | [GENERAL] 📊 每小时报告
时间: 12:05
当前头寸: 0
当日交易: 0
当日盈亏: $0.00
账户总值: $100,396.42
2025-06-30 12:05:10 | INFO     | src.trading.executor:update_account_info:125 | 账户更新: 总值$100396.42, 买入力$401585.68
2025-06-30 12:05:10 | DEBUG    | src.bot.trading_bot:_update_market_data:184 | 市场数据更新完成
2025-06-30 12:05:13 | INFO     | src.trading.executor:update_account_info:125 | 账户更新: 总值$100396.42, 买入力$401585.68
2025-06-30 12:05:13 | DEBUG    | src.bot.trading_bot:_update_market_data:184 | 市场数据更新完成
2025-06-30 12:21:19 | ERROR    | src.trading.executor:update_account_info:131 | 更新账户信息失败: ('Connection aborted.', ConnectionResetError(54, 'Connection reset by peer'))
2025-06-30 12:21:19 | DEBUG    | src.bot.trading_bot:_update_market_data:184 | 市场数据更新完成
2025-06-30 12:21:19 | ERROR    | src.data.market_data:get_current_bars:91 | 获取K线数据失败: ('Connection aborted.', ConnectionResetError(54, 'Connection reset by peer'))
2025-06-30 12:21:19 | WARNING  | src.strategy.signals:update_market_data:70 | 无法获取SPY的市场数据
2025-06-30 12:21:19 | DEBUG    | src.bot.trading_bot:_update_positions_normal:259 | 📊 常规头寸更新完成
2025-06-30 12:21:22 | INFO     | src.trading.executor:update_account_info:125 | 账户更新: 总值$100396.42, 买入力$401585.68
2025-06-30 12:21:22 | DEBUG    | src.bot.trading_bot:_update_market_data:184 | 市场数据更新完成
2025-06-30 12:36:32 | ERROR    | src.trading.executor:update_account_info:131 | 更新账户信息失败: ('Connection aborted.', ConnectionResetError(54, 'Connection reset by peer'))
2025-06-30 12:36:32 | DEBUG    | src.bot.trading_bot:_update_market_data:184 | 市场数据更新完成
2025-06-30 12:36:32 | ERROR    | src.data.market_data:get_current_bars:91 | 获取K线数据失败: ('Connection aborted.', ConnectionResetError(54, 'Connection reset by peer'))
2025-06-30 12:36:32 | WARNING  | src.strategy.signals:update_market_data:70 | 无法获取SPY的市场数据
2025-06-30 12:36:32 | DEBUG    | src.bot.trading_bot:_update_positions_normal:259 | 📊 常规头寸更新完成
2025-06-30 12:36:35 | INFO     | src.trading.executor:update_account_info:125 | 账户更新: 总值$100396.42, 买入力$401585.68
2025-06-30 12:36:35 | DEBUG    | src.bot.trading_bot:_update_market_data:184 | 市场数据更新完成
2025-06-30 16:43:25 | INFO     | src.utils.notifications:send_message:63 | [GENERAL] 📈 日终报告 - 2025-06-30
运行时间: 13 days, 5:50:57.040994
生成信号: 2678
执行交易: 0
当日盈亏: $0.00
账户总值: $100,396.42
风险利用率: 0.0%
剩余头寸: 0
2025-06-30 16:43:25 | INFO     | src.bot.trading_bot:_daily_report:381 | 日终报告已生成
2025-07-01 06:35:57 | ERROR    | src.trading.executor:update_account_info:131 | 更新账户信息失败: ('Connection aborted.', ConnectionResetError(54, 'Connection reset by peer'))
2025-07-01 06:35:57 | DEBUG    | src.bot.trading_bot:_update_market_data:184 | 市场数据更新完成
2025-07-01 06:35:57 | ERROR    | src.data.market_data:get_current_bars:91 | 获取K线数据失败: ('Connection aborted.', ConnectionResetError(54, 'Connection reset by peer'))
2025-07-01 06:35:57 | WARNING  | src.strategy.signals:update_market_data:70 | 无法获取SPY的市场数据
2025-07-01 06:35:57 | DEBUG    | src.bot.trading_bot:_update_positions_normal:259 | 📊 常规头寸更新完成
