2025-06-07 09:38:50 | INFO     | __main__:signal_handler:86 | 收到退出信号: SIGINT
2025-06-07 09:38:50 | INFO     | __main__:signal_handler:87 | 🛑 立即停止所有非必要操作，开始优雅退出...
2025-06-07 09:38:50 | INFO     | __main__:signal_handler:92 | ✅ 主循环已停止
2025-06-07 09:38:50 | INFO     | src.bot.trading_bot:stop:602 | 开始优雅停止交易机器人...
2025-06-07 09:38:50 | INFO     | src.bot.trading_bot:stop:611 | 第1步: 关闭所有持仓
2025-06-07 09:38:50 | INFO     | src.bot.trading_bot:stop:621 | 没有检测到持仓
2025-06-07 09:38:53 | INFO     | src.bot.trading_bot:stop:631 | 第2步: 验证所有持仓是否已关闭
2025-06-07 09:38:53 | INFO     | src.trading.executor:verify_positions_closed:695 | 正在验证持仓状态...
2025-06-07 09:38:53 | INFO     | src.trading.executor:verify_positions_closed:713 | 所有期权持仓已确认关闭
2025-06-07 09:38:53 | INFO     | src.bot.trading_bot:stop:636 | ✅ 所有持仓已确认关闭
2025-06-07 09:38:53 | INFO     | src.bot.trading_bot:stop:652 | 第3步: 取消所有开放订单
2025-06-07 09:38:53 | INFO     | src.trading.executor:cancel_all_open_orders:636 | 正在查询所有开放订单...
2025-06-07 09:38:53 | INFO     | src.trading.executor:cancel_all_open_orders:649 | 没有发现开放订单
2025-06-07 09:38:55 | INFO     | src.bot.trading_bot:stop:665 | 第4步: 验证所有订单是否已取消
2025-06-07 09:38:55 | INFO     | src.trading.executor:verify_orders_cancelled:725 | 正在验证订单状态...
2025-06-07 09:38:55 | INFO     | src.trading.executor:verify_orders_cancelled:743 | 所有订单已确认取消
2025-06-07 09:38:55 | INFO     | src.bot.trading_bot:stop:670 | ✅ 所有订单已确认取消
2025-06-07 09:38:55 | INFO     | src.utils.notifications:send_message:63 | [GENERAL] 🛑 交易机器人已优雅停止
最终盈亏: $0.00
总交易次数: 0
运行时间: 22:24:33.555174
剩余持仓: 0 个
停止状态: 优雅停止完成
2025-06-07 09:38:55 | INFO     | src.bot.trading_bot:stop:707 | 🎯 交易机器人优雅停止完成
2025-06-07 09:38:55 | INFO     | __main__:main:142 | 程序结束
