2025-06-04 09:15:44 | INFO     | src.trading.executor:update_account_info:122 | 账户更新: 总值$10000.00, 买入力$20000.00
2025-06-04 09:15:44 | DEBUG    | src.bot.trading_bot:_update_market_data:134 | 市场数据更新完成
2025-06-04 09:16:14 | INFO     | src.strategy.signals:generate_signals:468 | 生成信号: LONG - VWAP多头突破: 偏离0.18%, MACD转正
2025-06-04 09:16:14 | INFO     | src.bot.trading_bot:_check_signals:152 | 检测到信号: LONG 置信度: 0.85 原因: VWAP多头突破: 偏离0.18%, MACD转正
2025-06-04 09:16:14 | INFO     | src.utils.notifications:send_message:63 | [GENERAL] 📡 交易信号
类型: LONG
强度: MEDIUM
置信度: 0.85
价格: $597.15
原因: VWAP多头突破: 偏离0.18%, MACD转正
2025-06-04 09:16:14 | WARNING  | src.trading.executor:_check_trading_limits:336 | 当前不在交易时间内
2025-06-04 09:16:14 | WARNING  | src.bot.trading_bot:_check_signals:166 | 信号执行失败: LONG
2025-06-04 09:16:14 | DEBUG    | src.bot.trading_bot:_update_positions:184 | 头寸更新完成
2025-06-04 09:16:15 | INFO     | src.trading.executor:update_account_info:122 | 账户更新: 总值$10000.00, 买入力$20000.00
2025-06-04 09:16:15 | DEBUG    | src.bot.trading_bot:_update_market_data:134 | 市场数据更新完成
2025-06-04 09:16:45 | INFO     | src.trading.executor:update_account_info:122 | 账户更新: 总值$10000.00, 买入力$20000.00
2025-06-04 09:16:45 | DEBUG    | src.bot.trading_bot:_update_market_data:134 | 市场数据更新完成
2025-06-04 09:17:15 | INFO     | src.strategy.signals:generate_signals:468 | 生成信号: LONG - VWAP多头突破: 偏离0.19%, MACD转正
2025-06-04 09:17:15 | INFO     | src.bot.trading_bot:_check_signals:152 | 检测到信号: LONG 置信度: 0.85 原因: VWAP多头突破: 偏离0.19%, MACD转正
2025-06-04 09:17:15 | INFO     | src.utils.notifications:send_message:63 | [GENERAL] 📡 交易信号
类型: LONG
强度: MEDIUM
置信度: 0.85
价格: $597.17
原因: VWAP多头突破: 偏离0.19%, MACD转正
2025-06-04 09:17:15 | WARNING  | src.trading.executor:_check_trading_limits:336 | 当前不在交易时间内
2025-06-04 09:17:15 | WARNING  | src.bot.trading_bot:_check_signals:166 | 信号执行失败: LONG
2025-06-04 09:17:15 | DEBUG    | src.bot.trading_bot:_update_positions:184 | 头寸更新完成
2025-06-04 09:17:16 | INFO     | src.trading.executor:update_account_info:122 | 账户更新: 总值$10000.00, 买入力$20000.00
2025-06-04 09:17:16 | DEBUG    | src.bot.trading_bot:_update_market_data:134 | 市场数据更新完成
2025-06-04 09:17:46 | INFO     | src.trading.executor:update_account_info:122 | 账户更新: 总值$10000.00, 买入力$20000.00
2025-06-04 09:17:46 | DEBUG    | src.bot.trading_bot:_update_market_data:134 | 市场数据更新完成
2025-06-04 09:18:16 | INFO     | src.strategy.signals:generate_signals:468 | 生成信号: LONG - VWAP多头突破: 偏离0.18%, MACD转正
2025-06-04 09:18:16 | INFO     | src.bot.trading_bot:_check_signals:152 | 检测到信号: LONG 置信度: 0.85 原因: VWAP多头突破: 偏离0.18%, MACD转正
2025-06-04 09:18:16 | INFO     | src.utils.notifications:send_message:63 | [GENERAL] 📡 交易信号
类型: LONG
强度: MEDIUM
置信度: 0.85
价格: $597.16
原因: VWAP多头突破: 偏离0.18%, MACD转正
2025-06-04 09:18:16 | WARNING  | src.trading.executor:_check_trading_limits:336 | 当前不在交易时间内
2025-06-04 09:18:16 | WARNING  | src.bot.trading_bot:_check_signals:166 | 信号执行失败: LONG
2025-06-04 09:18:16 | DEBUG    | src.bot.trading_bot:_update_positions:184 | 头寸更新完成
2025-06-04 09:18:17 | INFO     | src.trading.executor:update_account_info:122 | 账户更新: 总值$10000.00, 买入力$20000.00
2025-06-04 09:18:17 | DEBUG    | src.bot.trading_bot:_update_market_data:134 | 市场数据更新完成
2025-06-04 09:18:47 | INFO     | src.trading.executor:update_account_info:122 | 账户更新: 总值$10000.00, 买入力$20000.00
2025-06-04 09:18:47 | DEBUG    | src.bot.trading_bot:_update_market_data:134 | 市场数据更新完成
2025-06-04 09:19:17 | INFO     | src.strategy.signals:generate_signals:468 | 生成信号: LONG - VWAP多头突破: 偏离0.18%, MACD转正
2025-06-04 09:19:17 | INFO     | src.bot.trading_bot:_check_signals:152 | 检测到信号: LONG 置信度: 0.85 原因: VWAP多头突破: 偏离0.18%, MACD转正
2025-06-04 09:19:17 | INFO     | src.utils.notifications:send_message:63 | [GENERAL] 📡 交易信号
类型: LONG
强度: MEDIUM
置信度: 0.85
价格: $597.16
原因: VWAP多头突破: 偏离0.18%, MACD转正
2025-06-04 09:19:17 | WARNING  | src.trading.executor:_check_trading_limits:336 | 当前不在交易时间内
2025-06-04 09:19:17 | WARNING  | src.bot.trading_bot:_check_signals:166 | 信号执行失败: LONG
2025-06-04 09:19:17 | DEBUG    | src.bot.trading_bot:_update_positions:184 | 头寸更新完成
2025-06-04 09:19:18 | INFO     | src.trading.executor:update_account_info:122 | 账户更新: 总值$10000.00, 买入力$20000.00
2025-06-04 09:19:18 | DEBUG    | src.bot.trading_bot:_update_market_data:134 | 市场数据更新完成
2025-06-04 09:19:48 | INFO     | src.trading.executor:update_account_info:122 | 账户更新: 总值$10000.00, 买入力$20000.00
2025-06-04 09:19:48 | DEBUG    | src.bot.trading_bot:_update_market_data:134 | 市场数据更新完成
2025-06-04 09:20:18 | INFO     | src.strategy.signals:generate_signals:468 | 生成信号: LONG - VWAP多头突破: 偏离0.20%, MACD转正
2025-06-04 09:20:18 | INFO     | src.bot.trading_bot:_check_signals:152 | 检测到信号: LONG 置信度: 0.85 原因: VWAP多头突破: 偏离0.20%, MACD转正
2025-06-04 09:20:18 | INFO     | src.utils.notifications:send_message:63 | [GENERAL] 📡 交易信号
类型: LONG
强度: MEDIUM
置信度: 0.85
价格: $597.30
原因: VWAP多头突破: 偏离0.20%, MACD转正
2025-06-04 09:20:18 | WARNING  | src.trading.executor:_check_trading_limits:336 | 当前不在交易时间内
2025-06-04 09:20:18 | WARNING  | src.bot.trading_bot:_check_signals:166 | 信号执行失败: LONG
2025-06-04 09:20:18 | DEBUG    | src.bot.trading_bot:_update_positions:184 | 头寸更新完成
2025-06-04 09:20:19 | INFO     | src.trading.executor:update_account_info:122 | 账户更新: 总值$10000.00, 买入力$20000.00
2025-06-04 09:20:19 | DEBUG    | src.bot.trading_bot:_update_market_data:134 | 市场数据更新完成
2025-06-04 09:20:49 | INFO     | src.trading.executor:update_account_info:122 | 账户更新: 总值$10000.00, 买入力$20000.00
2025-06-04 09:20:49 | DEBUG    | src.bot.trading_bot:_update_market_data:134 | 市场数据更新完成
2025-06-04 09:21:19 | INFO     | src.strategy.signals:generate_signals:468 | 生成信号: LONG - VWAP多头突破: 偏离0.20%, MACD转正
2025-06-04 09:21:19 | INFO     | src.bot.trading_bot:_check_signals:152 | 检测到信号: LONG 置信度: 0.85 原因: VWAP多头突破: 偏离0.20%, MACD转正
2025-06-04 09:21:19 | INFO     | src.utils.notifications:send_message:63 | [GENERAL] 📡 交易信号
类型: LONG
强度: MEDIUM
置信度: 0.85
价格: $597.30
原因: VWAP多头突破: 偏离0.20%, MACD转正
2025-06-04 09:21:19 | WARNING  | src.trading.executor:_check_trading_limits:336 | 当前不在交易时间内
2025-06-04 09:21:19 | WARNING  | src.bot.trading_bot:_check_signals:166 | 信号执行失败: LONG
2025-06-04 09:21:19 | DEBUG    | src.bot.trading_bot:_update_positions:184 | 头寸更新完成
2025-06-04 09:21:20 | INFO     | src.trading.executor:update_account_info:122 | 账户更新: 总值$10000.00, 买入力$20000.00
2025-06-04 09:21:20 | DEBUG    | src.bot.trading_bot:_update_market_data:134 | 市场数据更新完成
2025-06-04 09:21:50 | INFO     | src.trading.executor:update_account_info:122 | 账户更新: 总值$10000.00, 买入力$20000.00
2025-06-04 09:21:50 | DEBUG    | src.bot.trading_bot:_update_market_data:134 | 市场数据更新完成
2025-06-04 09:22:19 | INFO     | src.strategy.signals:generate_signals:468 | 生成信号: LONG - VWAP多头突破: 偏离0.20%, MACD转正
2025-06-04 09:22:19 | INFO     | src.bot.trading_bot:_check_signals:152 | 检测到信号: LONG 置信度: 0.85 原因: VWAP多头突破: 偏离0.20%, MACD转正
2025-06-04 09:22:19 | INFO     | src.utils.notifications:send_message:63 | [GENERAL] 📡 交易信号
类型: LONG
强度: MEDIUM
置信度: 0.85
价格: $597.30
原因: VWAP多头突破: 偏离0.20%, MACD转正
2025-06-04 09:22:19 | WARNING  | src.trading.executor:_check_trading_limits:336 | 当前不在交易时间内
2025-06-04 09:22:19 | WARNING  | src.bot.trading_bot:_check_signals:166 | 信号执行失败: LONG
2025-06-04 09:22:19 | DEBUG    | src.bot.trading_bot:_update_positions:184 | 头寸更新完成
2025-06-04 09:22:20 | INFO     | src.trading.executor:update_account_info:122 | 账户更新: 总值$10000.00, 买入力$20000.00
2025-06-04 09:22:20 | DEBUG    | src.bot.trading_bot:_update_market_data:134 | 市场数据更新完成
2025-06-04 09:22:51 | INFO     | src.trading.executor:update_account_info:122 | 账户更新: 总值$10000.00, 买入力$20000.00
2025-06-04 09:22:51 | DEBUG    | src.bot.trading_bot:_update_market_data:134 | 市场数据更新完成
2025-06-04 09:23:20 | INFO     | src.strategy.signals:generate_signals:468 | 生成信号: LONG - VWAP多头突破: 偏离0.20%, MACD转正
2025-06-04 09:23:20 | INFO     | src.bot.trading_bot:_check_signals:152 | 检测到信号: LONG 置信度: 0.85 原因: VWAP多头突破: 偏离0.20%, MACD转正
2025-06-04 09:23:20 | INFO     | src.utils.notifications:send_message:63 | [GENERAL] 📡 交易信号
类型: LONG
强度: MEDIUM
置信度: 0.85
价格: $597.29
原因: VWAP多头突破: 偏离0.20%, MACD转正
2025-06-04 09:23:20 | WARNING  | src.trading.executor:_check_trading_limits:336 | 当前不在交易时间内
2025-06-04 09:23:20 | WARNING  | src.bot.trading_bot:_check_signals:166 | 信号执行失败: LONG
2025-06-04 09:23:20 | DEBUG    | src.bot.trading_bot:_update_positions:184 | 头寸更新完成
2025-06-04 09:23:21 | INFO     | src.trading.executor:update_account_info:122 | 账户更新: 总值$10000.00, 买入力$20000.00
2025-06-04 09:23:21 | DEBUG    | src.bot.trading_bot:_update_market_data:134 | 市场数据更新完成
2025-06-04 09:23:51 | INFO     | src.trading.executor:update_account_info:122 | 账户更新: 总值$10000.00, 买入力$20000.00
2025-06-04 09:23:51 | DEBUG    | src.bot.trading_bot:_update_market_data:134 | 市场数据更新完成
2025-06-04 09:24:21 | INFO     | src.strategy.signals:generate_signals:468 | 生成信号: LONG - VWAP多头突破: 偏离0.20%, MACD转正
2025-06-04 09:24:21 | INFO     | src.bot.trading_bot:_check_signals:152 | 检测到信号: LONG 置信度: 0.85 原因: VWAP多头突破: 偏离0.20%, MACD转正
2025-06-04 09:24:21 | INFO     | src.utils.notifications:send_message:63 | [GENERAL] 📡 交易信号
类型: LONG
强度: MEDIUM
置信度: 0.85
价格: $597.29
原因: VWAP多头突破: 偏离0.20%, MACD转正
2025-06-04 09:24:21 | WARNING  | src.trading.executor:_check_trading_limits:336 | 当前不在交易时间内
2025-06-04 09:24:21 | WARNING  | src.bot.trading_bot:_check_signals:166 | 信号执行失败: LONG
2025-06-04 09:24:21 | DEBUG    | src.bot.trading_bot:_update_positions:184 | 头寸更新完成
2025-06-04 09:24:22 | INFO     | src.trading.executor:update_account_info:122 | 账户更新: 总值$10000.00, 买入力$20000.00
2025-06-04 09:24:22 | DEBUG    | src.bot.trading_bot:_update_market_data:134 | 市场数据更新完成
2025-06-04 09:24:52 | INFO     | src.trading.executor:update_account_info:122 | 账户更新: 总值$10000.00, 买入力$20000.00
2025-06-04 09:24:52 | DEBUG    | src.bot.trading_bot:_update_market_data:134 | 市场数据更新完成
2025-06-04 09:25:22 | INFO     | src.strategy.signals:generate_signals:468 | 生成信号: LONG - VWAP多头突破: 偏离0.20%, MACD转正
2025-06-04 09:25:22 | INFO     | src.bot.trading_bot:_check_signals:152 | 检测到信号: LONG 置信度: 0.85 原因: VWAP多头突破: 偏离0.20%, MACD转正
2025-06-04 09:25:22 | INFO     | src.utils.notifications:send_message:63 | [GENERAL] 📡 交易信号
类型: LONG
强度: MEDIUM
置信度: 0.85
价格: $597.29
原因: VWAP多头突破: 偏离0.20%, MACD转正
2025-06-04 09:25:22 | WARNING  | src.trading.executor:_check_trading_limits:336 | 当前不在交易时间内
2025-06-04 09:25:22 | WARNING  | src.bot.trading_bot:_check_signals:166 | 信号执行失败: LONG
2025-06-04 09:25:22 | DEBUG    | src.bot.trading_bot:_update_positions:184 | 头寸更新完成
2025-06-04 09:25:23 | INFO     | src.trading.executor:update_account_info:122 | 账户更新: 总值$10000.00, 买入力$20000.00
2025-06-04 09:25:23 | DEBUG    | src.bot.trading_bot:_update_market_data:134 | 市场数据更新完成
2025-06-04 09:25:53 | INFO     | src.trading.executor:update_account_info:122 | 账户更新: 总值$10000.00, 买入力$20000.00
2025-06-04 09:25:53 | DEBUG    | src.bot.trading_bot:_update_market_data:134 | 市场数据更新完成
2025-06-04 09:26:22 | INFO     | src.strategy.signals:generate_signals:468 | 生成信号: LONG - VWAP多头突破: 偏离0.20%, MACD转正
2025-06-04 09:26:22 | INFO     | src.bot.trading_bot:_check_signals:152 | 检测到信号: LONG 置信度: 0.85 原因: VWAP多头突破: 偏离0.20%, MACD转正
2025-06-04 09:26:22 | INFO     | src.utils.notifications:send_message:63 | [GENERAL] 📡 交易信号
类型: LONG
强度: MEDIUM
置信度: 0.85
价格: $597.29
原因: VWAP多头突破: 偏离0.20%, MACD转正
2025-06-04 09:26:22 | WARNING  | src.trading.executor:_check_trading_limits:336 | 当前不在交易时间内
2025-06-04 09:26:22 | WARNING  | src.bot.trading_bot:_check_signals:166 | 信号执行失败: LONG
2025-06-04 09:26:22 | DEBUG    | src.bot.trading_bot:_update_positions:184 | 头寸更新完成
2025-06-04 09:26:23 | INFO     | src.trading.executor:update_account_info:122 | 账户更新: 总值$10000.00, 买入力$20000.00
2025-06-04 09:26:23 | DEBUG    | src.bot.trading_bot:_update_market_data:134 | 市场数据更新完成
2025-06-04 09:26:54 | INFO     | src.trading.executor:update_account_info:122 | 账户更新: 总值$10000.00, 买入力$20000.00
2025-06-04 09:26:54 | DEBUG    | src.bot.trading_bot:_update_market_data:134 | 市场数据更新完成
2025-06-04 09:27:23 | DEBUG    | src.bot.trading_bot:_update_positions:184 | 头寸更新完成
2025-06-04 09:27:24 | INFO     | src.trading.executor:update_account_info:122 | 账户更新: 总值$10000.00, 买入力$20000.00
2025-06-04 09:27:24 | DEBUG    | src.bot.trading_bot:_update_market_data:134 | 市场数据更新完成
2025-06-04 09:27:54 | INFO     | src.trading.executor:update_account_info:122 | 账户更新: 总值$10000.00, 买入力$20000.00
2025-06-04 09:27:54 | DEBUG    | src.bot.trading_bot:_update_market_data:134 | 市场数据更新完成
2025-06-04 09:28:24 | INFO     | src.strategy.signals:generate_signals:468 | 生成信号: LONG - VWAP多头突破: 偏离0.21%, MACD转正
2025-06-04 09:28:24 | INFO     | src.bot.trading_bot:_check_signals:152 | 检测到信号: LONG 置信度: 0.85 原因: VWAP多头突破: 偏离0.21%, MACD转正
2025-06-04 09:28:24 | INFO     | src.utils.notifications:send_message:63 | [GENERAL] 📡 交易信号
类型: LONG
强度: MEDIUM
置信度: 0.85
价格: $597.35
原因: VWAP多头突破: 偏离0.21%, MACD转正
2025-06-04 09:28:24 | WARNING  | src.trading.executor:_check_trading_limits:336 | 当前不在交易时间内
2025-06-04 09:28:24 | WARNING  | src.bot.trading_bot:_check_signals:166 | 信号执行失败: LONG
2025-06-04 09:28:24 | DEBUG    | src.bot.trading_bot:_update_positions:184 | 头寸更新完成
2025-06-04 09:28:25 | INFO     | src.trading.executor:update_account_info:122 | 账户更新: 总值$10000.00, 买入力$20000.00
2025-06-04 09:28:25 | DEBUG    | src.bot.trading_bot:_update_market_data:134 | 市场数据更新完成
2025-06-04 09:28:55 | INFO     | src.trading.executor:update_account_info:122 | 账户更新: 总值$10000.00, 买入力$20000.00
2025-06-04 09:28:55 | DEBUG    | src.bot.trading_bot:_update_market_data:134 | 市场数据更新完成
2025-06-04 09:29:24 | INFO     | src.strategy.signals:generate_signals:468 | 生成信号: LONG - VWAP多头突破: 偏离0.21%, MACD转正
2025-06-04 09:29:24 | INFO     | src.bot.trading_bot:_check_signals:152 | 检测到信号: LONG 置信度: 0.85 原因: VWAP多头突破: 偏离0.21%, MACD转正
2025-06-04 09:29:24 | INFO     | src.utils.notifications:send_message:63 | [GENERAL] 📡 交易信号
类型: LONG
强度: MEDIUM
置信度: 0.85
价格: $597.35
原因: VWAP多头突破: 偏离0.21%, MACD转正
2025-06-04 09:29:24 | WARNING  | src.trading.executor:_check_trading_limits:336 | 当前不在交易时间内
2025-06-04 09:29:24 | WARNING  | src.bot.trading_bot:_check_signals:166 | 信号执行失败: LONG
2025-06-04 09:29:24 | DEBUG    | src.bot.trading_bot:_update_positions:184 | 头寸更新完成
2025-06-04 09:29:26 | INFO     | src.trading.executor:update_account_info:122 | 账户更新: 总值$10000.00, 买入力$20000.00
2025-06-04 09:29:26 | DEBUG    | src.bot.trading_bot:_update_market_data:134 | 市场数据更新完成
2025-06-04 09:29:56 | INFO     | src.trading.executor:update_account_info:122 | 账户更新: 总值$10000.00, 买入力$20000.00
2025-06-04 09:29:56 | DEBUG    | src.bot.trading_bot:_update_market_data:134 | 市场数据更新完成
2025-06-04 09:30:25 | DEBUG    | src.bot.trading_bot:_update_positions:184 | 头寸更新完成
2025-06-04 09:30:26 | INFO     | src.trading.executor:update_account_info:122 | 账户更新: 总值$10000.00, 买入力$20000.00
2025-06-04 09:30:26 | DEBUG    | src.bot.trading_bot:_update_market_data:134 | 市场数据更新完成
2025-06-04 09:30:56 | INFO     | src.trading.executor:update_account_info:122 | 账户更新: 总值$10000.00, 买入力$20000.00
2025-06-04 09:30:56 | DEBUG    | src.bot.trading_bot:_update_market_data:134 | 市场数据更新完成
2025-06-04 09:31:26 | DEBUG    | src.bot.trading_bot:_update_positions:184 | 头寸更新完成
2025-06-04 09:31:27 | INFO     | src.trading.executor:update_account_info:122 | 账户更新: 总值$10000.00, 买入力$20000.00
2025-06-04 09:31:27 | DEBUG    | src.bot.trading_bot:_update_market_data:134 | 市场数据更新完成
2025-06-04 09:31:57 | INFO     | src.trading.executor:update_account_info:122 | 账户更新: 总值$10000.00, 买入力$20000.00
2025-06-04 09:31:57 | DEBUG    | src.bot.trading_bot:_update_market_data:134 | 市场数据更新完成
2025-06-04 09:32:27 | DEBUG    | src.bot.trading_bot:_update_positions:184 | 头寸更新完成
2025-06-04 09:32:28 | INFO     | src.trading.executor:update_account_info:122 | 账户更新: 总值$10000.00, 买入力$20000.00
2025-06-04 09:32:28 | DEBUG    | src.bot.trading_bot:_update_market_data:134 | 市场数据更新完成
2025-06-04 09:32:58 | INFO     | src.trading.executor:update_account_info:122 | 账户更新: 总值$10000.00, 买入力$20000.00
2025-06-04 09:32:58 | DEBUG    | src.bot.trading_bot:_update_market_data:134 | 市场数据更新完成
2025-06-04 09:33:27 | DEBUG    | src.bot.trading_bot:_update_positions:184 | 头寸更新完成
2025-06-04 09:33:29 | INFO     | src.trading.executor:update_account_info:122 | 账户更新: 总值$10000.00, 买入力$20000.00
2025-06-04 09:33:29 | DEBUG    | src.bot.trading_bot:_update_market_data:134 | 市场数据更新完成
2025-06-04 09:33:59 | INFO     | src.trading.executor:update_account_info:122 | 账户更新: 总值$10000.00, 买入力$20000.00
2025-06-04 09:33:59 | DEBUG    | src.bot.trading_bot:_update_market_data:134 | 市场数据更新完成
2025-06-04 09:34:28 | DEBUG    | src.bot.trading_bot:_update_positions:184 | 头寸更新完成
2025-06-04 09:34:30 | INFO     | src.trading.executor:update_account_info:122 | 账户更新: 总值$10000.00, 买入力$20000.00
2025-06-04 09:34:30 | DEBUG    | src.bot.trading_bot:_update_market_data:134 | 市场数据更新完成
2025-06-04 09:35:00 | INFO     | src.trading.executor:update_account_info:122 | 账户更新: 总值$10000.00, 买入力$20000.00
2025-06-04 09:35:00 | DEBUG    | src.bot.trading_bot:_update_market_data:134 | 市场数据更新完成
2025-06-04 09:35:29 | DEBUG    | src.bot.trading_bot:_update_positions:184 | 头寸更新完成
2025-06-04 09:35:31 | INFO     | src.trading.executor:update_account_info:122 | 账户更新: 总值$10000.00, 买入力$20000.00
2025-06-04 09:35:31 | DEBUG    | src.bot.trading_bot:_update_market_data:134 | 市场数据更新完成
2025-06-04 09:36:01 | INFO     | src.trading.executor:update_account_info:122 | 账户更新: 总值$10000.00, 买入力$20000.00
2025-06-04 09:36:01 | DEBUG    | src.bot.trading_bot:_update_market_data:134 | 市场数据更新完成
2025-06-04 09:36:30 | DEBUG    | src.bot.trading_bot:_update_positions:184 | 头寸更新完成
2025-06-04 09:36:32 | INFO     | src.trading.executor:update_account_info:122 | 账户更新: 总值$10000.00, 买入力$20000.00
2025-06-04 09:36:32 | DEBUG    | src.bot.trading_bot:_update_market_data:134 | 市场数据更新完成
2025-06-04 09:37:02 | INFO     | src.trading.executor:update_account_info:122 | 账户更新: 总值$10000.00, 买入力$20000.00
2025-06-04 09:37:02 | DEBUG    | src.bot.trading_bot:_update_market_data:134 | 市场数据更新完成
2025-06-04 09:37:31 | DEBUG    | src.bot.trading_bot:_update_positions:184 | 头寸更新完成
2025-06-04 09:37:33 | INFO     | src.trading.executor:update_account_info:122 | 账户更新: 总值$10000.00, 买入力$20000.00
2025-06-04 09:37:33 | DEBUG    | src.bot.trading_bot:_update_market_data:134 | 市场数据更新完成
2025-06-04 09:38:03 | INFO     | src.trading.executor:update_account_info:122 | 账户更新: 总值$10000.00, 买入力$20000.00
2025-06-04 09:38:03 | DEBUG    | src.bot.trading_bot:_update_market_data:134 | 市场数据更新完成
2025-06-04 09:38:32 | DEBUG    | src.bot.trading_bot:_update_positions:184 | 头寸更新完成
2025-06-04 09:38:34 | INFO     | src.trading.executor:update_account_info:122 | 账户更新: 总值$10000.00, 买入力$20000.00
2025-06-04 09:38:34 | DEBUG    | src.bot.trading_bot:_update_market_data:134 | 市场数据更新完成
2025-06-04 09:39:04 | INFO     | src.trading.executor:update_account_info:122 | 账户更新: 总值$10000.00, 买入力$20000.00
2025-06-04 09:39:04 | DEBUG    | src.bot.trading_bot:_update_market_data:134 | 市场数据更新完成
2025-06-04 09:39:32 | DEBUG    | src.bot.trading_bot:_update_positions:184 | 头寸更新完成
2025-06-04 09:39:34 | INFO     | src.trading.executor:update_account_info:122 | 账户更新: 总值$10000.00, 买入力$20000.00
2025-06-04 09:39:34 | DEBUG    | src.bot.trading_bot:_update_market_data:134 | 市场数据更新完成
2025-06-04 09:40:05 | INFO     | src.trading.executor:update_account_info:122 | 账户更新: 总值$10000.00, 买入力$20000.00
2025-06-04 09:40:05 | DEBUG    | src.bot.trading_bot:_update_market_data:134 | 市场数据更新完成
2025-06-04 09:40:33 | DEBUG    | src.bot.trading_bot:_update_positions:184 | 头寸更新完成
2025-06-04 09:40:35 | INFO     | src.trading.executor:update_account_info:122 | 账户更新: 总值$10000.00, 买入力$20000.00
2025-06-04 09:40:35 | DEBUG    | src.bot.trading_bot:_update_market_data:134 | 市场数据更新完成
2025-06-04 09:41:05 | INFO     | src.trading.executor:update_account_info:122 | 账户更新: 总值$10000.00, 买入力$20000.00
2025-06-04 09:41:05 | DEBUG    | src.bot.trading_bot:_update_market_data:134 | 市场数据更新完成
2025-06-04 09:41:34 | DEBUG    | src.bot.trading_bot:_update_positions:184 | 头寸更新完成
2025-06-04 09:41:36 | INFO     | src.trading.executor:update_account_info:122 | 账户更新: 总值$10000.00, 买入力$20000.00
2025-06-04 09:41:36 | DEBUG    | src.bot.trading_bot:_update_market_data:134 | 市场数据更新完成
2025-06-04 09:42:06 | INFO     | src.trading.executor:update_account_info:122 | 账户更新: 总值$10000.00, 买入力$20000.00
2025-06-04 09:42:06 | DEBUG    | src.bot.trading_bot:_update_market_data:134 | 市场数据更新完成
2025-06-04 09:42:34 | INFO     | src.strategy.signals:generate_signals:468 | 生成信号: LONG - VWAP多头突破: 偏离0.16%, MACD转正
2025-06-04 09:42:34 | INFO     | src.bot.trading_bot:_check_signals:152 | 检测到信号: LONG 置信度: 0.85 原因: VWAP多头突破: 偏离0.16%, MACD转正
2025-06-04 09:42:34 | INFO     | src.utils.notifications:send_message:63 | [GENERAL] 📡 交易信号
类型: LONG
强度: MEDIUM
置信度: 0.85
价格: $597.37
原因: VWAP多头突破: 偏离0.16%, MACD转正
2025-06-04 09:42:35 | INFO     | src.data.market_data:_get_option_chain_sdk:148 | 开始获取SPY期权链数据 (使用Alpaca SDK)
2025-06-04 09:42:44 | INFO     | src.data.market_data:_get_option_chain_sdk:162 | ✅ SDK获取期权快照: 9118个快照，用时9.79秒
2025-06-04 09:42:44 | INFO     | src.data.market_data:_get_option_chain_sdk:258 | 成功解析期权链: 4559个看涨期权, 4559个看跌期权
2025-06-04 09:42:44 | INFO     | src.data.market_data:find_suitable_options:396 | 找到131个当日到期的CALL期权
2025-06-04 09:42:44 | INFO     | src.data.market_data:find_suitable_options:435 | 找到64个符合条件的当日到期CALL期权合约
2025-06-04 09:42:44 | INFO     | src.data.market_data:find_suitable_options:439 |   选项1: SPY250604C00568000, 行权价$568, 估算Delta=0.400, 中间价=$28.14, 到期日=2025-06-04
2025-06-04 09:42:44 | INFO     | src.data.market_data:find_suitable_options:439 |   选项2: SPY250604C00569000, 行权价$569, 估算Delta=0.400, 中间价=$27.45, 到期日=2025-06-04
2025-06-04 09:42:44 | INFO     | src.data.market_data:find_suitable_options:439 |   选项3: SPY250604C00570000, 行权价$570, 估算Delta=0.400, 中间价=$26.59, 到期日=2025-06-04
2025-06-04 09:42:44 | INFO     | src.trading.executor:find_best_option:190 | 选择期权: SPY250604C00568000, 行权价568.0, 估算Delta0.400
2025-06-04 09:42:44 | INFO     | src.trading.executor:calculate_position_size:153 | 计算头寸大小: 期权价格$28.14, 最大风险$85.00, 合约数量1, 最大限制10张
2025-06-04 09:42:45 | INFO     | src.trading.executor:execute_trade:242 | 主订单已提交: 376f8d27-3be5-48e2-b403-46ecfcc31bd6 SPY250604C00568000 买入1张 @$28.14
2025-06-04 09:42:46 | WARNING  | src.trading.executor:execute_trade:307 | 主订单未成交，状态: new
2025-06-04 09:42:46 | WARNING  | src.bot.trading_bot:_check_signals:166 | 信号执行失败: LONG
2025-06-04 09:42:46 | DEBUG    | src.bot.trading_bot:_update_positions:184 | 头寸更新完成
2025-06-04 09:42:47 | INFO     | src.trading.executor:update_account_info:122 | 账户更新: 总值$10000.00, 买入力$14365.98
2025-06-04 09:42:47 | DEBUG    | src.bot.trading_bot:_update_market_data:134 | 市场数据更新完成
2025-06-04 09:43:17 | INFO     | src.trading.executor:update_account_info:122 | 账户更新: 总值$10000.00, 买入力$14365.98
2025-06-04 09:43:17 | DEBUG    | src.bot.trading_bot:_update_market_data:134 | 市场数据更新完成
2025-06-04 09:43:46 | INFO     | src.strategy.signals:generate_signals:468 | 生成信号: LONG - VWAP多头突破: 偏离0.16%, MACD转正
2025-06-04 09:43:46 | INFO     | src.bot.trading_bot:_check_signals:152 | 检测到信号: LONG 置信度: 0.85 原因: VWAP多头突破: 偏离0.16%, MACD转正
2025-06-04 09:43:46 | INFO     | src.utils.notifications:send_message:63 | [GENERAL] 📡 交易信号
类型: LONG
强度: MEDIUM
置信度: 0.85
价格: $597.37
原因: VWAP多头突破: 偏离0.16%, MACD转正
2025-06-04 09:43:46 | INFO     | src.data.market_data:_get_option_chain_sdk:148 | 开始获取SPY期权链数据 (使用Alpaca SDK)
2025-06-04 09:43:56 | INFO     | src.data.market_data:_get_option_chain_sdk:162 | ✅ SDK获取期权快照: 9118个快照，用时9.52秒
2025-06-04 09:43:56 | INFO     | src.data.market_data:_get_option_chain_sdk:258 | 成功解析期权链: 4559个看涨期权, 4559个看跌期权
2025-06-04 09:43:56 | INFO     | src.data.market_data:find_suitable_options:396 | 找到131个当日到期的CALL期权
2025-06-04 09:43:56 | INFO     | src.data.market_data:find_suitable_options:435 | 找到64个符合条件的当日到期CALL期权合约
2025-06-04 09:43:56 | INFO     | src.data.market_data:find_suitable_options:439 |   选项1: SPY250604C00568000, 行权价$568, 估算Delta=0.400, 中间价=$28.05, 到期日=2025-06-04
2025-06-04 09:43:56 | INFO     | src.data.market_data:find_suitable_options:439 |   选项2: SPY250604C00569000, 行权价$569, 估算Delta=0.400, 中间价=$27.49, 到期日=2025-06-04
2025-06-04 09:43:56 | INFO     | src.data.market_data:find_suitable_options:439 |   选项3: SPY250604C00570000, 行权价$570, 估算Delta=0.400, 中间价=$26.83, 到期日=2025-06-04
2025-06-04 09:43:56 | INFO     | src.trading.executor:find_best_option:190 | 选择期权: SPY250604C00568000, 行权价568.0, 估算Delta0.400
2025-06-04 09:43:56 | INFO     | src.trading.executor:calculate_position_size:153 | 计算头寸大小: 期权价格$28.05, 最大风险$85.00, 合约数量1, 最大限制10张
2025-06-04 09:43:56 | INFO     | src.trading.executor:execute_trade:242 | 主订单已提交: b07e325f-0a1b-4850-84aa-d5ba1d2bd35d SPY250604C00568000 买入1张 @$28.05
2025-06-04 09:43:57 | WARNING  | src.trading.executor:execute_trade:307 | 主订单未成交，状态: new
2025-06-04 09:43:57 | WARNING  | src.bot.trading_bot:_check_signals:166 | 信号执行失败: LONG
2025-06-04 09:43:57 | DEBUG    | src.bot.trading_bot:_update_positions:184 | 头寸更新完成
2025-06-04 09:43:58 | INFO     | src.trading.executor:update_account_info:122 | 账户更新: 总值$10000.00, 买入力$8749.96
2025-06-04 09:43:58 | DEBUG    | src.bot.trading_bot:_update_market_data:134 | 市场数据更新完成
2025-06-04 09:44:29 | INFO     | src.trading.executor:update_account_info:122 | 账户更新: 总值$10000.00, 买入力$8749.96
2025-06-04 09:44:29 | DEBUG    | src.bot.trading_bot:_update_market_data:134 | 市场数据更新完成
2025-06-04 09:44:58 | INFO     | src.strategy.signals:generate_signals:468 | 生成信号: LONG - VWAP多头突破: 偏离0.17%, MACD转正
2025-06-04 09:44:58 | INFO     | src.bot.trading_bot:_check_signals:152 | 检测到信号: LONG 置信度: 0.85 原因: VWAP多头突破: 偏离0.17%, MACD转正
2025-06-04 09:44:58 | INFO     | src.utils.notifications:send_message:63 | [GENERAL] 📡 交易信号
类型: LONG
强度: MEDIUM
置信度: 0.85
价格: $597.42
原因: VWAP多头突破: 偏离0.17%, MACD转正
2025-06-04 09:44:58 | INFO     | src.data.market_data:_get_option_chain_sdk:148 | 开始获取SPY期权链数据 (使用Alpaca SDK)
2025-06-04 09:45:11 | INFO     | src.data.market_data:_get_option_chain_sdk:162 | ✅ SDK获取期权快照: 9118个快照，用时13.07秒
2025-06-04 09:45:11 | INFO     | src.data.market_data:_get_option_chain_sdk:258 | 成功解析期权链: 4559个看涨期权, 4559个看跌期权
2025-06-04 09:45:11 | INFO     | src.data.market_data:find_suitable_options:396 | 找到131个当日到期的CALL期权
2025-06-04 09:45:11 | INFO     | src.data.market_data:find_suitable_options:435 | 找到63个符合条件的当日到期CALL期权合约
2025-06-04 09:45:11 | INFO     | src.data.market_data:find_suitable_options:439 |   选项1: SPY250604C00569000, 行权价$569, 估算Delta=0.400, 中间价=$27.54, 到期日=2025-06-04
2025-06-04 09:45:11 | INFO     | src.data.market_data:find_suitable_options:439 |   选项2: SPY250604C00570000, 行权价$570, 估算Delta=0.400, 中间价=$26.71, 到期日=2025-06-04
2025-06-04 09:45:11 | INFO     | src.data.market_data:find_suitable_options:439 |   选项3: SPY250604C00571000, 行权价$571, 估算Delta=0.400, 中间价=$25.77, 到期日=2025-06-04
2025-06-04 09:45:11 | INFO     | src.trading.executor:find_best_option:190 | 选择期权: SPY250604C00569000, 行权价569.0, 估算Delta0.400
2025-06-04 09:45:11 | INFO     | src.trading.executor:calculate_position_size:153 | 计算头寸大小: 期权价格$27.54, 最大风险$85.00, 合约数量1, 最大限制10张
2025-06-04 09:45:11 | INFO     | src.trading.executor:execute_trade:242 | 主订单已提交: b0e03440-7c06-4ec8-9b73-f62f187c899f SPY250604C00569000 买入1张 @$27.54
2025-06-04 09:45:13 | INFO     | src.trading.executor:execute_trade:252 | 主订单已成交: b0e03440-7c06-4ec8-9b73-f62f187c899f
2025-06-04 09:45:13 | INFO     | src.trading.executor:_submit_take_profit_order:402 | 止盈订单已提交: 15004b39-a9d5-4a45-82a9-2eb7004286ee 卖出1张 @$33.05
2025-06-04 09:45:13 | ERROR    | src.trading.executor:_submit_stop_loss_order:430 | 提交止损订单失败: {"code":42210000,"message":"invalid options order_type"}
2025-06-04 09:45:13 | INFO     | src.trading.executor:execute_trade:291 | 三单交易执行成功: LONG_CALL SPY250604C00569000 数量1 入场价$27.54 止盈$33.05 止损$24.79
2025-06-04 09:45:13 | WARNING  | src.trading.executor:execute_trade:298 | 止盈订单成功，但止损订单失败
2025-06-04 09:45:13 | INFO     | src.bot.trading_bot:_check_signals:164 | 信号执行成功: LONG
2025-06-04 09:45:13 | DEBUG    | src.bot.trading_bot:_update_positions:184 | 头寸更新完成
2025-06-04 09:45:14 | INFO     | src.trading.executor:update_account_info:122 | 账户更新: 总值$9987.98, 买入力$3239.92
2025-06-04 09:45:14 | DEBUG    | src.bot.trading_bot:_update_market_data:134 | 市场数据更新完成
2025-06-04 09:45:44 | INFO     | src.trading.executor:update_account_info:122 | 账户更新: 总值$9988.98, 买入力$3239.92
2025-06-04 09:45:44 | DEBUG    | src.bot.trading_bot:_update_market_data:134 | 市场数据更新完成
2025-06-04 09:46:14 | INFO     | src.strategy.signals:generate_signals:468 | 生成信号: LONG - VWAP多头突破: 偏离0.17%, MACD转正
2025-06-04 09:46:14 | INFO     | src.bot.trading_bot:_check_signals:152 | 检测到信号: LONG 置信度: 0.85 原因: VWAP多头突破: 偏离0.17%, MACD转正
2025-06-04 09:46:14 | INFO     | src.utils.notifications:send_message:63 | [GENERAL] 📡 交易信号
类型: LONG
强度: MEDIUM
置信度: 0.85
价格: $597.45
原因: VWAP多头突破: 偏离0.17%, MACD转正
2025-06-04 09:46:14 | INFO     | src.bot.trading_bot:_should_execute_signal:305 | 已有同方向头寸，跳过执行
2025-06-04 09:46:14 | INFO     | src.data.market_data:_get_option_chain_sdk:148 | 开始获取SPY期权链数据 (使用Alpaca SDK)
2025-06-04 09:46:24 | INFO     | src.data.market_data:_get_option_chain_sdk:162 | ✅ SDK获取期权快照: 9118个快照，用时9.55秒
2025-06-04 09:46:24 | INFO     | src.data.market_data:_get_option_chain_sdk:258 | 成功解析期权链: 4559个看涨期权, 4559个看跌期权
2025-06-04 09:46:24 | DEBUG    | src.bot.trading_bot:_update_positions:184 | 头寸更新完成
2025-06-04 09:46:25 | INFO     | src.trading.executor:update_account_info:122 | 账户更新: 总值$9988.98, 买入力$3239.92
2025-06-04 09:46:25 | DEBUG    | src.bot.trading_bot:_update_market_data:134 | 市场数据更新完成
2025-06-04 09:46:55 | INFO     | src.trading.executor:update_account_info:122 | 账户更新: 总值$9988.98, 买入力$3239.92
2025-06-04 09:46:55 | DEBUG    | src.bot.trading_bot:_update_market_data:134 | 市场数据更新完成
2025-06-04 09:47:24 | INFO     | src.data.market_data:_get_option_chain_sdk:148 | 开始获取SPY期权链数据 (使用Alpaca SDK)
2025-06-04 09:47:35 | INFO     | src.data.market_data:_get_option_chain_sdk:162 | ✅ SDK获取期权快照: 9118个快照，用时10.44秒
2025-06-04 09:47:35 | INFO     | src.data.market_data:_get_option_chain_sdk:258 | 成功解析期权链: 4559个看涨期权, 4559个看跌期权
2025-06-04 09:47:35 | DEBUG    | src.bot.trading_bot:_update_positions:184 | 头寸更新完成
2025-06-04 09:47:36 | INFO     | src.trading.executor:update_account_info:122 | 账户更新: 总值$9988.98, 买入力$3239.92
2025-06-04 09:47:36 | DEBUG    | src.bot.trading_bot:_update_market_data:134 | 市场数据更新完成
2025-06-04 09:48:06 | INFO     | src.trading.executor:update_account_info:122 | 账户更新: 总值$9988.98, 买入力$3239.92
2025-06-04 09:48:06 | DEBUG    | src.bot.trading_bot:_update_market_data:134 | 市场数据更新完成
2025-06-04 09:48:36 | INFO     | src.data.market_data:_get_option_chain_sdk:148 | 开始获取SPY期权链数据 (使用Alpaca SDK)
2025-06-04 09:48:45 | INFO     | src.data.market_data:_get_option_chain_sdk:162 | ✅ SDK获取期权快照: 9118个快照，用时9.39秒
2025-06-04 09:48:45 | INFO     | src.data.market_data:_get_option_chain_sdk:258 | 成功解析期权链: 4559个看涨期权, 4559个看跌期权
2025-06-04 09:48:45 | DEBUG    | src.bot.trading_bot:_update_positions:184 | 头寸更新完成
2025-06-04 09:48:47 | INFO     | src.trading.executor:update_account_info:122 | 账户更新: 总值$9990.98, 买入力$3239.92
2025-06-04 09:48:47 | DEBUG    | src.bot.trading_bot:_update_market_data:134 | 市场数据更新完成
2025-06-04 09:49:17 | INFO     | src.trading.executor:update_account_info:122 | 账户更新: 总值$9990.98, 买入力$3239.92
2025-06-04 09:49:17 | DEBUG    | src.bot.trading_bot:_update_market_data:134 | 市场数据更新完成
2025-06-04 09:49:46 | INFO     | src.data.market_data:_get_option_chain_sdk:148 | 开始获取SPY期权链数据 (使用Alpaca SDK)
2025-06-04 09:49:56 | INFO     | src.data.market_data:_get_option_chain_sdk:162 | ✅ SDK获取期权快照: 9118个快照，用时9.72秒
2025-06-04 09:49:56 | INFO     | src.data.market_data:_get_option_chain_sdk:258 | 成功解析期权链: 4559个看涨期权, 4559个看跌期权
2025-06-04 09:49:56 | DEBUG    | src.bot.trading_bot:_update_positions:184 | 头寸更新完成
2025-06-04 09:49:57 | INFO     | src.trading.executor:update_account_info:122 | 账户更新: 总值$9992.98, 买入力$3239.92
2025-06-04 09:49:57 | DEBUG    | src.bot.trading_bot:_update_market_data:134 | 市场数据更新完成
2025-06-04 09:50:28 | INFO     | src.trading.executor:update_account_info:122 | 账户更新: 总值$9992.98, 买入力$3239.92
2025-06-04 09:50:28 | DEBUG    | src.bot.trading_bot:_update_market_data:134 | 市场数据更新完成
2025-06-04 09:50:39 | INFO     | src.utils.notifications:send_message:63 | [GENERAL] 📊 每小时报告
时间: 09:50
当前头寸: 1
当日交易: 1
当日盈亏: $0.00
账户总值: $9,992.98
2025-06-04 09:50:56 | INFO     | src.data.market_data:_get_option_chain_sdk:148 | 开始获取SPY期权链数据 (使用Alpaca SDK)
2025-06-04 09:51:06 | INFO     | src.data.market_data:_get_option_chain_sdk:162 | ✅ SDK获取期权快照: 9118个快照，用时9.76秒
2025-06-04 09:51:06 | INFO     | src.data.market_data:_get_option_chain_sdk:258 | 成功解析期权链: 4559个看涨期权, 4559个看跌期权
2025-06-04 09:51:06 | DEBUG    | src.bot.trading_bot:_update_positions:184 | 头寸更新完成
2025-06-04 09:51:07 | INFO     | src.trading.executor:update_account_info:122 | 账户更新: 总值$9992.98, 买入力$3239.92
2025-06-04 09:51:07 | DEBUG    | src.bot.trading_bot:_update_market_data:134 | 市场数据更新完成
2025-06-04 09:51:38 | INFO     | src.trading.executor:update_account_info:122 | 账户更新: 总值$9992.98, 买入力$3239.92
2025-06-04 09:51:38 | DEBUG    | src.bot.trading_bot:_update_market_data:134 | 市场数据更新完成
2025-06-04 09:52:06 | INFO     | src.data.market_data:_get_option_chain_sdk:148 | 开始获取SPY期权链数据 (使用Alpaca SDK)
2025-06-04 09:52:16 | INFO     | src.data.market_data:_get_option_chain_sdk:162 | ✅ SDK获取期权快照: 9118个快照，用时9.62秒
2025-06-04 09:52:16 | INFO     | src.data.market_data:_get_option_chain_sdk:258 | 成功解析期权链: 4559个看涨期权, 4559个看跌期权
2025-06-04 09:52:16 | DEBUG    | src.bot.trading_bot:_update_positions:184 | 头寸更新完成
2025-06-04 09:52:17 | INFO     | src.trading.executor:update_account_info:122 | 账户更新: 总值$9986.98, 买入力$3239.92
2025-06-04 09:52:17 | DEBUG    | src.bot.trading_bot:_update_market_data:134 | 市场数据更新完成
2025-06-04 09:52:48 | INFO     | src.trading.executor:update_account_info:122 | 账户更新: 总值$9988.98, 买入力$3239.92
2025-06-04 09:52:48 | DEBUG    | src.bot.trading_bot:_update_market_data:134 | 市场数据更新完成
2025-06-04 09:53:17 | INFO     | src.data.market_data:_get_option_chain_sdk:148 | 开始获取SPY期权链数据 (使用Alpaca SDK)
2025-06-04 09:53:27 | INFO     | src.data.market_data:_get_option_chain_sdk:162 | ✅ SDK获取期权快照: 9118个快照，用时9.64秒
2025-06-04 09:53:27 | INFO     | src.data.market_data:_get_option_chain_sdk:258 | 成功解析期权链: 4559个看涨期权, 4559个看跌期权
2025-06-04 09:53:27 | DEBUG    | src.bot.trading_bot:_update_positions:184 | 头寸更新完成
2025-06-04 09:53:28 | INFO     | src.trading.executor:update_account_info:122 | 账户更新: 总值$9988.98, 买入力$3239.92
2025-06-04 09:53:28 | DEBUG    | src.bot.trading_bot:_update_market_data:134 | 市场数据更新完成
2025-06-04 09:53:59 | INFO     | src.trading.executor:update_account_info:122 | 账户更新: 总值$9988.98, 买入力$3239.92
2025-06-04 09:53:59 | DEBUG    | src.bot.trading_bot:_update_market_data:134 | 市场数据更新完成
2025-06-04 09:54:28 | INFO     | src.data.market_data:_get_option_chain_sdk:148 | 开始获取SPY期权链数据 (使用Alpaca SDK)
2025-06-04 09:54:30 | INFO     | src.bot.trading_bot:start:78 | 收到停止信号，正在关闭机器人...
2025-06-04 09:54:30 | INFO     | src.bot.trading_bot:stop:381 | 正在停止交易机器人...
2025-06-04 09:54:30 | INFO     | src.bot.trading_bot:stop:387 | 平仓所有未平头寸...
2025-06-04 09:54:30 | ERROR    | src.trading.executor:_close_position:562 | 平仓失败: {"code":40310000,"message":"account not eligible to trade uncovered option contracts"}
2025-06-04 09:54:30 | INFO     | src.trading.executor:close_all_positions:584 | 已平仓所有头寸，原因: 机器人停止
2025-06-04 09:54:30 | INFO     | src.utils.notifications:send_message:63 | [GENERAL] 🛑 交易机器人已停止
最终盈亏: $0.00
总交易次数: 1
运行时间: 11:03:56.602422
2025-06-04 09:54:30 | INFO     | src.bot.trading_bot:stop:400 | 交易机器人已安全停止
2025-06-04 09:54:30 | INFO     | __main__:main:81 | 程序结束
