2025-07-02 22:45:36.588 | INFO     | src.utils.notifications:__init__:39 - 通知管理器初始化完成（简化模式）
[32m2025-07-02 22:45:36[0m | [1mINFO    [0m | [36msrc.utils.logger_setup[0m:[36msetup_logger[0m:[36m68[0m | [1m日志系统初始化完成[0m
[32m2025-07-02 22:45:36[0m | [1mINFO    [0m | [36m__main__[0m:[36mmain[0m:[36m59[0m | [1m============================================================[0m
[32m2025-07-02 22:45:36[0m | [1mINFO    [0m | [36m__main__[0m:[36mmain[0m:[36m60[0m | [1mEOD期权交易机器人启动[0m
[32m2025-07-02 22:45:36[0m | [1mINFO    [0m | [36m__main__[0m:[36mmain[0m:[36m61[0m | [1m============================================================[0m
[32m2025-07-02 22:45:36[0m | [1mINFO    [0m | [36m__main__[0m:[36mmain[0m:[36m62[0m | [1m运行模式: test[0m
[32m2025-07-02 22:45:36[0m | [1mINFO    [0m | [36m__main__[0m:[36mmain[0m:[36m63[0m | [1m日志级别: INFO[0m
[32m2025-07-02 22:45:36[0m | [1mINFO    [0m | [36m__main__[0m:[36mmain[0m:[36m64[0m | [1m干运行模式: False[0m
[32m2025-07-02 22:45:36[0m | [1mINFO    [0m | [36m__main__[0m:[36mmain[0m:[36m65[0m | [1m快速退出模式: False[0m
[32m2025-07-02 22:45:36[0m | [1mINFO    [0m | [36m__main__[0m:[36mmain[0m:[36m66[0m | [1m交易标的: SPY[0m
[32m2025-07-02 22:45:36[0m | [1mINFO    [0m | [36m__main__[0m:[36mmain[0m:[36m67[0m | [1mAPI地址: https://paper-api.alpaca.markets[0m
[32m2025-07-02 22:45:36[0m | [1mINFO    [0m | [36msrc.utils.logger_setup[0m:[36msetup_logger[0m:[36m68[0m | [1m日志系统初始化完成[0m
[32m2025-07-02 22:45:36[0m | [1mINFO    [0m | [36msrc.trading.executor[0m:[36mupdate_account_info[0m:[36m125[0m | [1m账户更新: 总值$100396.42, 买入力$401585.68[0m
[32m2025-07-02 22:45:36[0m | [1mINFO    [0m | [36msrc.trading.executor[0m:[36msync_existing_positions[0m:[36m903[0m | [1m正在同步Alpaca账户现有持仓...[0m
[32m2025-07-02 22:45:36[0m | [1mINFO    [0m | [36msrc.trading.executor[0m:[36msync_existing_positions[0m:[36m988[0m | [1m持仓同步完成: 总共同步了 0 个期权持仓[0m
[32m2025-07-02 22:45:36[0m | [1mINFO    [0m | [36msrc.utils.notifications[0m:[36m__init__[0m:[36m39[0m | [1m通知管理器初始化完成（简化模式）[0m
[32m2025-07-02 22:45:36[0m | [1mINFO    [0m | [36m__main__[0m:[36mmain[0m:[36m118[0m | [1m正在启动交易机器人...[0m
[32m2025-07-02 22:45:36[0m | [1mINFO    [0m | [36m__main__[0m:[36mmain[0m:[36m119[0m | [1m按 Ctrl+C 可触发优雅退出[0m
[32m2025-07-02 22:45:36[0m | [1mINFO    [0m | [36msrc.bot.trading_bot[0m:[36mstart[0m:[36m66[0m | [1m启动末日期权交易机器人[0m
[32m2025-07-02 22:45:36[0m | [1mINFO    [0m | [36msrc.utils.notifications[0m:[36msend_message[0m:[36m63[0m | [1m[GENERAL] 🚀 EOD期权交易机器人已启动
标的: SPY
账户资金: $100,396.42
最大日风险: $2,007.93
交易时间: 09:30 - 15:50[0m
[32m2025-07-02 22:45:36[0m | [1mINFO    [0m | [36msrc.bot.trading_bot[0m:[36m_setup_schedule[0m:[36m121[0m | [1m📊 监控频率设置: 持仓检查=3秒, 市场数据=3秒, 信号检查=3秒[0m
[2J[H
============================================================
🛑 收到退出信号: SIGTERM
✅ 立即停止主循环，开始优雅退出...
============================================================
[32m2025-07-02 22:46:58[0m | [1mINFO    [0m | [36m__main__[0m:[36msignal_handler[0m:[36m86[0m | [1m收到退出信号: SIGTERM[0m
[32m2025-07-02 22:46:58[0m | [1mINFO    [0m | [36m__main__[0m:[36msignal_handler[0m:[36m87[0m | [1m🛑 立即停止所有非必要操作，开始优雅退出...[0m
[32m2025-07-02 22:46:58[0m | [1mINFO    [0m | [36m__main__[0m:[36msignal_handler[0m:[36m92[0m | [1m✅ 主循环已停止[0m

开始优雅停止交易机器人...
============================================================
[32m2025-07-02 22:46:58[0m | [1mINFO    [0m | [36msrc.bot.trading_bot[0m:[36mstop[0m:[36m619[0m | [1m开始优雅停止交易机器人...[0m
第1步: 关闭所有持仓
[32m2025-07-02 22:46:58[0m | [1mINFO    [0m | [36msrc.bot.trading_bot[0m:[36mstop[0m:[36m628[0m | [1m第1步: 关闭所有持仓[0m
没有检测到持仓
[32m2025-07-02 22:46:58[0m | [1mINFO    [0m | [36msrc.bot.trading_bot[0m:[36mstop[0m:[36m638[0m | [1m没有检测到持仓[0m
