2025-06-13 06:30:05 | 开仓|2025-06-13 06:30:05|BUY|SPY250613P00599000|3|2.31|order_id=1acb8312-b8e8-4816-b9aa-b04aa921052d|signal=SHORT|reason=VWAP空头突破: 偏离-0.53%, MACD转负
2025-06-13 06:30:13 | 平仓|2025-06-13 06:30:13|SELL|SPY250613P00599000|3|2.07|order_id=928f909a-9f60-448e-b686-971db513fc49|reason=🔻 止损触发: $2.07 <= $2.08|pnl=-73.50
2025-06-13 06:30:22 | 开仓|2025-06-13 06:30:22|BUY|SPY250613P00599000|4|2.01|order_id=18bbe2cd-f118-4d8e-8316-e0167695f6b2|signal=SHORT|reason=VWAP空头突破: 偏离-0.53%, MACD转负
2025-06-13 06:30:43 | 平仓|2025-06-13 06:30:43|SELL|SPY250613P00599000|4|1.81|order_id=42c8d535-49c4-4aa6-b65d-f9cfe3a3f7b3|reason=🔻 止损触发: $1.81 <= $1.81|pnl=-81.60
2025-06-13 06:30:57 | 开仓|2025-06-13 06:30:57|BUY|SPY250613P00600000|3|2.21|order_id=e27d9b84-44b3-4e04-ac72-59c81f30e3a6|signal=SHORT|reason=VWAP空头突破: 偏离-0.53%, MACD转负
2025-06-13 06:31:36 | 平仓|2025-06-13 06:31:36|SELL|SPY250613P00600000|3|1.96|order_id=4260bce6-8da5-44f2-a45e-1fa069975290|reason=🔻 止损触发: $1.97 <= $1.98|pnl=-73.50
2025-06-13 06:31:46 | 开仓|2025-06-13 06:31:46|BUY|SPY250613P00600000|4|1.94|order_id=ee9cf7d6-3163-4c8a-b847-5f15cd32e3ca|signal=SHORT|reason=VWAP空头突破: 偏离-0.53%, MACD转负
2025-06-13 06:32:20 | 平仓|2025-06-13 06:32:20|SELL|SPY250613P00600000|4|1.71|order_id=d2b22c55-4235-425c-a23f-3b25a4b94776|reason=🔻 止损触发: $1.71 <= $1.74|pnl=-90.00
2025-06-13 06:32:24 | 开仓|2025-06-13 06:32:24|BUY|SPY250613P00601000|3|2.22|order_id=8daa6f36-3784-42b6-9aed-fbdd20d0078c|signal=SHORT|reason=VWAP空头突破: 偏离-0.53%, MACD转负
2025-06-13 06:55:10 | 平仓|2025-06-13 06:55:10|SELL|SPY250613P00601000|3|3.33|order_id=6630dc4f-5650-4209-85b5-fedaf594eca3|reason=🎯 止盈触发: $3.33 >= $3.33|pnl=333.00
2025-06-13 22:35:20 | 平仓|2025-06-13 22:35:20|SELL|SPY250613C00500000|1|3.50|order_id=test_exit_order_id|reason=Test exit|pnl=120.00
2025-06-13 22:39:12 | 平仓|2025-06-13 22:39:12|SELL|SPY250613C00500000|1|2.75|order_id=test_exit_order_id|reason=Test exit|pnl=25.00
2025-06-13 22:39:40 | 平仓|2025-06-13 22:39:40|SELL|SPY250613C00500000|1|2.75|order_id=test_exit_order_id|reason=Test exit|pnl=25.00
2025-06-13 22:40:14 | 平仓|2025-06-13 22:40:14|SELL|SPY250613C00500000|1|2.75|order_id=test_exit_order_id|reason=Test exit|pnl=25.00
2025-06-13 22:40:48 | 平仓|2025-06-13 22:40:48|SELL|SPY250613C00500000|1|2.75|order_id=test_exit_order_id|reason=Test exit|pnl=25.00
2025-06-13 22:41:21 | 开仓|2025-06-13 22:41:21|BUY|SPY250613C00500000|3|2.50|order_id=test_order_id|signal=LONG|reason=Test signal
2025-06-13 22:41:23 | 平仓|2025-06-13 22:41:23|SELL|SPY250613C00500000|1|2.75|order_id=test_exit_order_id|reason=Test exit|pnl=25.00
2025-06-13 22:41:26 | 开仓|2025-06-13 22:41:26|BUY|SPY250613C00500000|3|2.55|order_id=test_order_id|signal=LONG|reason=Test signal
2025-06-13 22:41:46 | 开仓|2025-06-13 22:41:46|BUY|SPY250613C00500000|3|2.50|order_id=test_order_id|signal=LONG|reason=Test signal
2025-06-13 22:41:48 | 平仓|2025-06-13 22:41:48|SELL|SPY250613C00500000|1|2.75|order_id=test_exit_order_id|reason=Test exit|pnl=25.00
2025-06-13 22:41:49 | 开仓|2025-06-13 22:41:49|BUY|SPY250613C00500000|3|2.55|order_id=test_order_id|signal=LONG|reason=Test signal
2025-06-13 22:42:11 | 开仓|2025-06-13 22:42:11|BUY|SPY250613C00500000|3|2.50|order_id=test_order_id|signal=LONG|reason=Test signal
2025-06-13 22:42:13 | 平仓|2025-06-13 22:42:13|SELL|SPY250613C00500000|1|2.75|order_id=test_exit_order_id|reason=Test exit|pnl=25.00
2025-06-13 22:42:15 | 开仓|2025-06-13 22:42:15|BUY|SPY250613C00500000|3|2.55|order_id=test_order_id|signal=LONG|reason=Test signal
2025-06-13 22:42:35 | 开仓|2025-06-13 22:42:35|BUY|SPY250613C00500000|3|2.50|order_id=test_order_id|signal=LONG|reason=Test signal
2025-06-13 22:42:37 | 平仓|2025-06-13 22:42:37|SELL|SPY250613C00500000|1|2.75|order_id=test_exit_order_id|reason=Test exit|pnl=25.00
2025-06-13 22:42:39 | 开仓|2025-06-13 22:42:39|BUY|SPY250613C00500000|3|2.55|order_id=test_order_id|signal=LONG|reason=Test signal
