2025-06-06 09:29:38 | ERROR    | __main__:test_graceful_shutdown:79 | 获取开放订单失败: get_orders() got an unexpected keyword argument 'status'
2025-06-06 09:29:41 | ERROR    | src.trading.executor:cancel_all_open_orders:647 | 取消所有订单失败: get_orders() got an unexpected keyword argument 'status'
2025-06-06 09:29:41 | ERROR    | __main__:test_graceful_shutdown:124 | ❌ 订单取消请求失败
2025-06-06 09:29:43 | ERROR    | src.trading.executor:verify_orders_cancelled:701 | 验证订单状态失败: get_orders() got an unexpected keyword argument 'status'
2025-06-06 09:29:46 | ERROR    | src.trading.executor:verify_orders_cancelled:701 | 验证订单状态失败: get_orders() got an unexpected keyword argument 'status'
2025-06-06 09:29:49 | ERROR    | src.trading.executor:verify_orders_cancelled:701 | 验证订单状态失败: get_orders() got an unexpected keyword argument 'status'
2025-06-06 09:29:49 | ERROR    | __main__:test_graceful_shutdown:142 | ❌ 订单取消验证失败
2025-06-06 09:29:49 | ERROR    | __main__:test_graceful_shutdown:157 | 获取最终订单状态失败: get_orders() got an unexpected keyword argument 'status'
2025-06-06 09:29:49 | ERROR    | __main__:test_graceful_shutdown:171 | 测试过程中发生异常: local variable 'final_open_orders' referenced before assignment
2025-06-06 09:32:04 | ERROR    | __main__:test_graceful_shutdown:80 | 获取开放订单失败: OPEN
2025-06-06 09:32:07 | ERROR    | src.trading.executor:cancel_all_open_orders:648 | 取消所有订单失败: OPEN
2025-06-06 09:32:07 | ERROR    | __main__:test_graceful_shutdown:125 | ❌ 订单取消请求失败
2025-06-06 09:32:09 | ERROR    | src.trading.executor:verify_orders_cancelled:703 | 验证订单状态失败: OPEN
2025-06-06 09:32:12 | ERROR    | src.trading.executor:verify_orders_cancelled:703 | 验证订单状态失败: OPEN
2025-06-06 09:32:15 | ERROR    | src.trading.executor:verify_orders_cancelled:703 | 验证订单状态失败: OPEN
2025-06-06 09:32:15 | ERROR    | __main__:test_graceful_shutdown:143 | ❌ 订单取消验证失败
2025-06-06 09:32:15 | ERROR    | __main__:test_graceful_shutdown:158 | 获取最终订单状态失败: OPEN
2025-06-06 09:33:38 | ERROR    | src.trading.executor:verify_orders_cancelled:707 | 验证订单状态失败: name 'QueryOrderStatus' is not defined
2025-06-06 09:33:41 | ERROR    | src.trading.executor:verify_orders_cancelled:707 | 验证订单状态失败: name 'QueryOrderStatus' is not defined
2025-06-06 09:33:44 | ERROR    | src.trading.executor:verify_orders_cancelled:707 | 验证订单状态失败: name 'QueryOrderStatus' is not defined
2025-06-06 09:33:44 | ERROR    | __main__:test_graceful_shutdown:149 | ❌ 订单取消验证失败
2025-06-06 10:19:30 | ERROR    | src.trading.executor:_submit_stop_loss_order:435 | 提交止损订单失败: {"code":42210000,"message":"invalid options order_type"}
2025-06-06 10:21:21 | ERROR    | src.trading.executor:_close_position:567 | 平仓失败: {"code":40310000,"message":"account not eligible to trade uncovered option contracts"}
2025-06-06 10:40:41 | ERROR    | src.trading.executor:update_positions:482 | 更新头寸失败: dictionary changed size during iteration
2025-06-06 12:32:04 | ERROR    | src.trading.executor:execute_trade:291 | 提交主订单失败: {"code":42210000,"message":"contract \"SPY250606C00599000\" expires soon, unable to open new positions"}
2025-06-06 12:34:06 | ERROR    | src.trading.executor:execute_trade:291 | 提交主订单失败: {"code":42210000,"message":"contract \"SPY250606C00599000\" expires soon, unable to open new positions"}
2025-06-06 12:35:07 | ERROR    | src.trading.executor:execute_trade:291 | 提交主订单失败: {"code":42210000,"message":"contract \"SPY250606C00599000\" expires soon, unable to open new positions"}
